#
# There is insufficient memory for the Java Runtime Environment to continue.
# Native memory allocation (malloc) failed to allocate 1048576 bytes. Error detail: AllocateHeap
# Possible reasons:
#   The system is out of physical RAM or swap space
#   This process is running with CompressedOops enabled, and the Java Heap may be blocking the growth of the native heap
# Possible solutions:
#   Reduce memory load on the system
#   Increase physical memory or swap space
#   Check if swap backing store is full
#   Decrease Java heap size (-Xmx/-Xms)
#   Decrease number of Java threads
#   Decrease Java thread stack sizes (-Xss)
#   Set larger code cache with -XX:ReservedCodeCacheSize=
#   JVM is running with Unscaled Compressed Oops mode in which the Java heap is
#     placed in the first 4GB address space. The Java Heap base address is the
#     maximum limit for the native heap growth. Please use -XX:HeapBaseMinAddress
#     to set the Java Heap base and to place the Java Heap above 4GB virtual address.
# This output file may be truncated or incomplete.
#
#  Out of Memory Error (allocation.cpp:44), pid=6832, tid=47608
#
# JRE version: OpenJDK Runtime Environment Temurin-21.0.10+7 (21.0.10+7) (build 21.0.10+7-LTS)
# Java VM: OpenJDK 64-Bit Server VM Temurin-21.0.10+7 (21.0.10+7-LTS, mixed mode, sharing, tiered, compressed oops, compressed class ptrs, parallel gc, windows-amd64)
# No core dump will be written. Minidumps are not enabled by default on client versions of Windows
#

---------------  S U M M A R Y ------------

Command Line: --add-modules=ALL-SYSTEM --add-opens=java.base/java.util=ALL-UNNAMED --add-opens=java.base/java.lang=ALL-UNNAMED --add-opens=java.base/sun.nio.fs=ALL-UNNAMED -Declipse.application=org.eclipse.jdt.ls.core.id1 -Dosgi.bundles.defaultStartLevel=4 -Declipse.product=org.eclipse.jdt.ls.core.product -Djava.import.generatesMetadataFilesAtProjectRoot=false -DDetectVMInstallationsJob.disabled=true -Dfile.encoding=utf8 -XX:+UseParallelGC -XX:GCTimeRatio=4 -XX:AdaptiveSizePolicyWeight=90 -Dsun.zip.disableMemoryMapping=true -Xmx2G -Xms100m -Xlog:disable -javaagent:c:\Users\cosmas.murundo\.vscode\extensions\redhat.java-1.54.0-win32-x64\lombok\lombok-1.18.39-4050.jar -XX:+HeapDumpOnOutOfMemoryError -XX:HeapDumpPath=c:\Users\cosmas.murundo\AppData\Roaming\Code\User\workspaceStorage\590336a83bb3f635515ff0dad906ebde\redhat.java -Daether.dependencyCollector.impl=bf c:\Users\cosmas.murundo\.vscode\extensions\redhat.java-1.54.0-win32-x64\server\plugins\org.eclipse.equinox.launcher_1.7.100.v20251111-0406.jar -configuration c:\Users\cosmas.murundo\AppData\Roaming\Code\User\globalStorage\redhat.java\1.54.0\config_win -data c:\Users\cosmas.murundo\AppData\Roaming\Code\User\workspaceStorage\590336a83bb3f635515ff0dad906ebde\redhat.java\jdt_ws --pipe=\\.\pipe\lsp-577ea2e13f46f27d894c4b52b177705f-sock

Host: 13th Gen Intel(R) Core(TM) i7-1355U, 12 cores, 15G,  Windows 11 , 64 bit Build 26100 (10.0.26100.8246)
Time: Sun May 10 19:24:11 2026 E. Africa Standard Time elapsed time: 163493.991308 seconds (1d 21h 24m 53s)

---------------  T H R E A D  ---------------

Current thread (0x0000017e18b2d250):  JavaThread "Attach Listener" daemon [_thread_in_vm, id=47608, stack(0x00000006a5000000,0x00000006a5100000) (1024K)]

Stack: [0x00000006a5000000,0x00000006a5100000]
Native frames: (J=compiled Java code, j=interpreted, Vv=VM code, C=native code)
V  [jvm.dll+0x6d7a39]
V  [jvm.dll+0x8b4b26]
V  [jvm.dll+0x8b70de]
V  [jvm.dll+0x8b77c3]
V  [jvm.dll+0x284346]
V  [jvm.dll+0xc1277]
V  [jvm.dll+0x6d82e9]
V  [jvm.dll+0x1334a6]
V  [jvm.dll+0x3f857e]
V  [jvm.dll+0x85f59d]
V  [jvm.dll+0x6d626d]
C  [ucrtbase.dll+0x37b0]
C  [KERNEL32.DLL+0x2e8d7]
C  [ntdll.dll+0x8c3fc]


---------------  P R O C E S S  ---------------

Threads class SMR info:
_java_thread_list=0x0000017e775884d0, length=38, elements={
0x0000017e18b90fe0, 0x0000017e18b24d70, 0x0000017e18b29c70, 0x0000017e718a6200,
0x0000017e18b2d250, 0x0000017e18b2dcb0, 0x0000017e18b2e710, 0x0000017e718aa5b0,
0x0000017e71915ca0, 0x0000017e71a88af0, 0x0000017e71be1bd0, 0x0000017e774b7dd0,
0x0000017e71ba9b40, 0x0000017e775d7e00, 0x0000017e775c94f0, 0x0000017e77d9e5e0,
0x0000017e7742e680, 0x0000017e77877690, 0x0000017e77e64040, 0x0000017e77e646d0,
0x0000017e77e62600, 0x0000017e77e62c90, 0x0000017e78a72070, 0x0000017e78a747d0,
0x0000017e78a72700, 0x0000017e78a74e60, 0x0000017e78a754f0, 0x0000017e78a72d90,
0x0000017e78a73420, 0x0000017e78a73ab0, 0x0000017e78a74140, 0x0000017e7926d340,
0x0000017e7926ed80, 0x0000017e7926faa0, 0x0000017e7926f410, 0x0000017e7926e060,
0x0000017e7926d9d0, 0x0000017e79270e50
}

Java Threads: ( => current thread )
  0x0000017e18b90fe0 JavaThread "main"                              [_thread_blocked, id=48304, stack(0x00000006a4900000,0x00000006a4a00000) (1024K)]
  0x0000017e18b24d70 JavaThread "Reference Handler"          daemon [_thread_blocked, id=32008, stack(0x00000006a4d00000,0x00000006a4e00000) (1024K)]
  0x0000017e18b29c70 JavaThread "Finalizer"                  daemon [_thread_blocked, id=31872, stack(0x00000006a4e00000,0x00000006a4f00000) (1024K)]
  0x0000017e718a6200 JavaThread "Signal Dispatcher"          daemon [_thread_blocked, id=26760, stack(0x00000006a4f00000,0x00000006a5000000) (1024K)]
=>0x0000017e18b2d250 JavaThread "Attach Listener"            daemon [_thread_in_vm, id=47608, stack(0x00000006a5000000,0x00000006a5100000) (1024K)]
  0x0000017e18b2dcb0 JavaThread "Service Thread"             daemon [_thread_blocked, id=17828, stack(0x00000006a5100000,0x00000006a5200000) (1024K)]
  0x0000017e18b2e710 JavaThread "Monitor Deflation Thread"   daemon [_thread_blocked, id=21072, stack(0x00000006a5200000,0x00000006a5300000) (1024K)]
  0x0000017e718aa5b0 JavaThread "C2 CompilerThread0"         daemon [_thread_blocked, id=19376, stack(0x00000006a5300000,0x00000006a5400000) (1024K)]
  0x0000017e71915ca0 JavaThread "C1 CompilerThread0"         daemon [_thread_blocked, id=12276, stack(0x00000006a5400000,0x00000006a5500000) (1024K)]
  0x0000017e71a88af0 JavaThread "Common-Cleaner"             daemon [_thread_blocked, id=38352, stack(0x00000006a5500000,0x00000006a5600000) (1024K)]
  0x0000017e71be1bd0 JavaThread "Notification Thread"        daemon [_thread_blocked, id=11532, stack(0x00000006a5600000,0x00000006a5700000) (1024K)]
  0x0000017e774b7dd0 JavaThread "Active Thread: Equinox Container: a3742658-524f-460a-8661-a2ab7e08583a"        [_thread_blocked, id=34560, stack(0x00000006a5e00000,0x00000006a5f00000) (1024K)]
  0x0000017e71ba9b40 JavaThread "Refresh Thread: Equinox Container: a3742658-524f-460a-8661-a2ab7e08583a" daemon [_thread_blocked, id=32000, stack(0x00000006a5f00000,0x00000006a6000000) (1024K)]
  0x0000017e775d7e00 JavaThread "Framework Event Dispatcher: Equinox Container: a3742658-524f-460a-8661-a2ab7e08583a" daemon [_thread_blocked, id=36992, stack(0x00000006a6000000,0x00000006a6100000) (1024K)]
  0x0000017e775c94f0 JavaThread "Start Level: Equinox Container: a3742658-524f-460a-8661-a2ab7e08583a" daemon [_thread_blocked, id=9944, stack(0x00000006a6100000,0x00000006a6200000) (1024K)]
  0x0000017e77d9e5e0 JavaThread "Bundle File Closer"         daemon [_thread_blocked, id=14268, stack(0x00000006a6400000,0x00000006a6500000) (1024K)]
  0x0000017e7742e680 JavaThread "SCR Component Actor"        daemon [_thread_blocked, id=6356, stack(0x00000006a6600000,0x00000006a6700000) (1024K)]
  0x0000017e77877690 JavaThread "Worker-JM"                         [_thread_blocked, id=42440, stack(0x00000006a6700000,0x00000006a6800000) (1024K)]
  0x0000017e77e64040 JavaThread "JNA Cleaner"                daemon [_thread_blocked, id=48360, stack(0x00000006a6800000,0x00000006a6900000) (1024K)]
  0x0000017e77e646d0 JavaThread "Worker-2"                          [_thread_blocked, id=10548, stack(0x00000006a6b00000,0x00000006a6c00000) (1024K)]
  0x0000017e77e62600 JavaThread "Java indexing"              daemon [_thread_blocked, id=46860, stack(0x00000006a6c00000,0x00000006a6d00000) (1024K)]
  0x0000017e77e62c90 JavaThread "Worker-3"                          [_thread_blocked, id=49068, stack(0x00000006a7000000,0x00000006a7100000) (1024K)]
  0x0000017e78a72070 JavaThread "Thread-1"                   daemon [_thread_in_native, id=48828, stack(0x00000006a7200000,0x00000006a7300000) (1024K)]
  0x0000017e78a747d0 JavaThread "Thread-2"                   daemon [_thread_in_native, id=34072, stack(0x00000006a7300000,0x00000006a7400000) (1024K)]
  0x0000017e78a72700 JavaThread "Thread-3"                   daemon [_thread_in_native, id=38356, stack(0x00000006a7400000,0x00000006a7500000) (1024K)]
  0x0000017e78a74e60 JavaThread "Thread-4"                   daemon [_thread_in_native, id=25368, stack(0x00000006a7500000,0x00000006a7600000) (1024K)]
  0x0000017e78a754f0 JavaThread "Thread-5"                   daemon [_thread_in_native, id=11452, stack(0x00000006a7600000,0x00000006a7700000) (1024K)]
  0x0000017e78a72d90 JavaThread "Thread-6"                   daemon [_thread_in_native, id=40896, stack(0x00000006a7700000,0x00000006a7800000) (1024K)]
  0x0000017e78a73420 JavaThread "Thread-7"                   daemon [_thread_in_native, id=6880, stack(0x00000006a7800000,0x00000006a7900000) (1024K)]
  0x0000017e78a73ab0 JavaThread "Thread-8"                   daemon [_thread_in_native, id=24260, stack(0x00000006a7900000,0x00000006a7a00000) (1024K)]
  0x0000017e78a74140 JavaThread "Thread-9"                   daemon [_thread_in_native, id=44540, stack(0x00000006a7a00000,0x00000006a7b00000) (1024K)]
  0x0000017e7926d340 JavaThread "Thread-10"                  daemon [_thread_in_native, id=43288, stack(0x00000006a7b00000,0x00000006a7c00000) (1024K)]
  0x0000017e7926ed80 JavaThread "Thread-11"                  daemon [_thread_in_native, id=36796, stack(0x00000006a7c00000,0x00000006a7d00000) (1024K)]
  0x0000017e7926faa0 JavaThread "Thread-12"                  daemon [_thread_in_native, id=30560, stack(0x00000006a7d00000,0x00000006a7e00000) (1024K)]
  0x0000017e7926f410 JavaThread "Thread-13"                  daemon [_thread_in_native, id=7152, stack(0x00000006a7e00000,0x00000006a7f00000) (1024K)]
  0x0000017e7926e060 JavaThread "pool-2-thread-1"                   [_thread_blocked, id=33144, stack(0x00000006a7f00000,0x00000006a8000000) (1024K)]
  0x0000017e7926d9d0 JavaThread "WorkspaceEventsHandler"            [_thread_blocked, id=36548, stack(0x00000006a8000000,0x00000006a8100000) (1024K)]
  0x0000017e79270e50 JavaThread "pool-1-thread-1"                   [_thread_blocked, id=40040, stack(0x00000006a8100000,0x00000006a8200000) (1024K)]
Total: 38

Other Threads:
  0x0000017e18b14990 VMThread "VM Thread"                           [id=2340, stack(0x00000006a4c00000,0x00000006a4d00000) (1024K)]
  0x0000017e18a0ca00 WatcherThread "VM Periodic Task Thread"        [id=29772, stack(0x00000006a4b00000,0x00000006a4c00000) (1024K)]
  0x0000017e18bb1b70 WorkerThread "GC Thread#0"                     [id=49064, stack(0x00000006a4a00000,0x00000006a4b00000) (1024K)]
  0x0000017e77549860 WorkerThread "GC Thread#1"                     [id=28204, stack(0x00000006a5800000,0x00000006a5900000) (1024K)]
  0x0000017e774a67c0 WorkerThread "GC Thread#2"                     [id=2520, stack(0x00000006a5900000,0x00000006a5a00000) (1024K)]
  0x0000017e771b9be0 WorkerThread "GC Thread#3"                     [id=41296, stack(0x00000006a5a00000,0x00000006a5b00000) (1024K)]
  0x0000017e771b9f90 WorkerThread "GC Thread#4"                     [id=42720, stack(0x00000006a5b00000,0x00000006a5c00000) (1024K)]
  0x0000017e771ba340 WorkerThread "GC Thread#5"                     [id=14076, stack(0x00000006a5c00000,0x00000006a5d00000) (1024K)]
  0x0000017e771ba6f0 WorkerThread "GC Thread#6"                     [id=15772, stack(0x00000006a5d00000,0x00000006a5e00000) (1024K)]
  0x0000017e71ba8d40 WorkerThread "GC Thread#7"                     [id=15576, stack(0x00000006a5700000,0x00000006a5800000) (1024K)]
  0x0000017e71ba7370 WorkerThread "GC Thread#8"                     [id=34112, stack(0x00000006a6200000,0x00000006a6300000) (1024K)]
  0x0000017e71ba85e0 WorkerThread "GC Thread#9"                     [id=23152, stack(0x00000006a6300000,0x00000006a6400000) (1024K)]
Total: 12

Threads with active compile tasks:
Total: 0

VM state: not at safepoint (normal execution)

VM Mutex/Monitor currently owned by a thread: None

Heap address: 0x0000000080000000, size: 2048 MB, Compressed Oops mode: 32-bit

CDS archive(s) mapped at: [0x0000017e30000000-0x0000017e30ba0000-0x0000017e30ba0000), size 12189696, SharedBaseAddress: 0x0000017e30000000, ArchiveRelocationMode: 1.
Compressed class space mapped at: 0x0000017e31000000-0x0000017e71000000, reserved size: 1073741824
Narrow klass base: 0x0000017e30000000, Narrow klass shift: 0, Narrow klass range: 0x100000000

GC Precious Log:
 CardTable entry size: 512
 CPUs: 12 total, 12 available
 Memory: 15811M
 Large Page Support: Disabled
 NUMA Support: Disabled
 Compressed Oops: Enabled (32-bit)
 Alignments: Space 512K, Generation 512K, Heap 2M
 Heap Min Capacity: 100M
 Heap Initial Capacity: 100M
 Heap Max Capacity: 2G
 Pre-touch: Disabled
 Parallel Workers: 10

Heap:
 PSYoungGen      total 23040K, used 13668K [0x00000000d5580000, 0x00000000d6d80000, 0x0000000100000000)
  eden space 21504K, 58% used [0x00000000d5580000,0x00000000d61d53d8,0x00000000d6a80000)
  from space 1536K, 67% used [0x00000000d6b00000,0x00000000d6c04020,0x00000000d6c80000)
  to   space 1024K, 0% used [0x00000000d6c80000,0x00000000d6c80000,0x00000000d6d80000)
 ParOldGen       total 68608K, used 25402K [0x0000000080000000, 0x0000000084300000, 0x00000000d5580000)
  object space 68608K, 37% used [0x0000000080000000,0x00000000818ceb90,0x0000000084300000)
 Metaspace       used 47524K, committed 48768K, reserved 1114112K
  class space    used 5158K, committed 5632K, reserved 1048576K

Card table byte_map: [0x0000017e18520000,0x0000017e18930000] _byte_map_base: 0x0000017e18120000

Marking Bits: (ParMarkBitMap*) 0x00007ff81d0b3450
 Begin Bits: [0x0000017e2b030000, 0x0000017e2d030000)
 End Bits:   [0x0000017e2d030000, 0x0000017e2f030000)

Polling page: 0x0000017e16880000

Metaspace:

Usage:
  Non-class:     41.37 MB used.
      Class:      5.04 MB used.
       Both:     46.41 MB used.

Virtual space:
  Non-class space:       64.00 MB reserved,      42.12 MB ( 66%) committed,  1 nodes.
      Class space:        1.00 GB reserved,       5.50 MB ( <1%) committed,  1 nodes.
             Both:        1.06 GB reserved,      47.62 MB (  4%) committed. 

Chunk freelists:
   Non-Class:  5.62 MB
       Class:  10.56 MB
        Both:  16.18 MB

MaxMetaspaceSize: unlimited
CompressedClassSpaceSize: 1.00 GB
Initial GC threshold: 21.00 MB
Current GC threshold: 58.38 MB
CDS: on
 - commit_granule_bytes: 65536.
 - commit_granule_words: 8192.
 - virtual_space_node_default_size: 8388608.
 - enlarge_chunks_in_place: 1.
 - use_allocation_guard: 0.


Internal statistics:

num_allocs_failed_limit: 6.
num_arena_births: 920.
num_arena_deaths: 14.
num_vsnodes_births: 2.
num_vsnodes_deaths: 0.
num_space_committed: 762.
num_space_uncommitted: 0.
num_chunks_returned_to_freelist: 20.
num_chunks_taken_from_freelist: 3163.
num_chunk_merges: 12.
num_chunk_splits: 1889.
num_chunks_enlarged: 987.
num_inconsistent_stats: 0.

CodeHeap 'non-profiled nmethods': size=120000Kb used=3732Kb max_used=3732Kb free=116268Kb
 bounds [0x0000017e23850000, 0x0000017e23c00000, 0x0000017e2ad80000]
CodeHeap 'profiled nmethods': size=120000Kb used=13823Kb max_used=13823Kb free=106176Kb
 bounds [0x0000017e1bd80000, 0x0000017e1cb00000, 0x0000017e232b0000]
CodeHeap 'non-nmethods': size=5760Kb used=1364Kb max_used=1400Kb free=4395Kb
 bounds [0x0000017e232b0000, 0x0000017e23520000, 0x0000017e23850000]
CodeCache: size=245760Kb, used=18919Kb, max_used=18955Kb, free=226839Kb
 total_blobs=7152, nmethods=6486, adapters=572, full_count=0
Compilation: enabled, stopped_count=0, restarted_count=0

Compilation events (20 events):
Event: 131501.319 Thread 0x0000017e71915ca0 7088       3       java.util.Set::of (9 bytes)
Event: 131501.346 Thread 0x0000017e71915ca0 nmethod 7088 0x0000017e1cafb010 code [0x0000017e1cafb200, 0x0000017e1cafb6b0]
Event: 132401.441 Thread 0x0000017e71915ca0 7089       3       java.lang.invoke.LambdaForm$MH/0x0000017e3101fc00::invoke (110 bytes)
Event: 132401.456 Thread 0x0000017e71915ca0 nmethod 7089 0x0000017e1cafb890 code [0x0000017e1cafbae0, 0x0000017e1cafc8d8]
Event: 132401.456 Thread 0x0000017e71915ca0 7090       3       java.lang.invoke.LambdaForm$MH/0x0000017e3101f400::invoke (46 bytes)
Event: 132401.458 Thread 0x0000017e71915ca0 nmethod 7090 0x0000017e1cafcc10 code [0x0000017e1cafce00, 0x0000017e1cafd410]
Event: 136902.369 Thread 0x0000017e718aa5b0 7091       4       java.util.Arrays::fill (21 bytes)
Event: 136902.393 Thread 0x0000017e718aa5b0 nmethod 7091 0x0000017e23bf4990 code [0x0000017e23bf4b20, 0x0000017e23bf4c48]
Event: 149627.353 Thread 0x0000017e71915ca0 7092       3       java.lang.Thread::checkAccess (14 bytes)
Event: 149627.366 Thread 0x0000017e71915ca0 nmethod 7092 0x0000017e1cafd590 code [0x0000017e1cafd740, 0x0000017e1cafd930]
Event: 150528.152 Thread 0x0000017e71915ca0 7093   !   3       org.eclipse.core.internal.jobs.InternalJob::setRunCanceled (43 bytes)
Event: 150528.161 Thread 0x0000017e71915ca0 nmethod 7093 0x0000017e1cafda10 code [0x0000017e1cafdbc0, 0x0000017e1cafde28]
Event: 153228.336 Thread 0x0000017e71915ca0 7094       1       org.eclipse.core.internal.jobs.InternalJob::getName (5 bytes)
Event: 153228.347 Thread 0x0000017e71915ca0 nmethod 7094 0x0000017e23bf4d10 code [0x0000017e23bf4ea0, 0x0000017e23bf4f68]
Event: 154128.445 Thread 0x0000017e71915ca0 7095       3       sun.security.provider.DigestBase::engineUpdate (32 bytes)
Event: 154128.454 Thread 0x0000017e71915ca0 nmethod 7095 0x0000017e1cafdf10 code [0x0000017e1cafe0c0, 0x0000017e1cafe328]
Event: 155858.862 Thread 0x0000017e71915ca0 7096       3       org.eclipse.core.internal.jobs.DeadlockDetector::indexOf (43 bytes)
Event: 155858.899 Thread 0x0000017e71915ca0 nmethod 7096 0x0000017e1cafe410 code [0x0000017e1cafe600, 0x0000017e1cafedb8]
Event: 155858.899 Thread 0x0000017e71915ca0 7097       3       org.eclipse.core.internal.jobs.DeadlockDetector::indexOf (43 bytes)
Event: 155858.901 Thread 0x0000017e71915ca0 nmethod 7097 0x0000017e1caff090 code [0x0000017e1caff280, 0x0000017e1caffa38]

GC Heap History (20 events):
Event: 37.511 GC heap before
{Heap before GC invocations=12 (full 1):
 PSYoungGen      total 25088K, used 25019K [0x00000000d5580000, 0x00000000d7300000, 0x0000000100000000)
  eden space 23040K, 99% used [0x00000000d5580000,0x00000000d6bff0e0,0x00000000d6c00000)
  from space 2048K, 96% used [0x00000000d7100000,0x00000000d72efda8,0x00000000d7300000)
  to   space 2560K, 0% used [0x00000000d6e00000,0x00000000d6e00000,0x00000000d7080000)
 ParOldGen       total 68608K, used 14755K [0x0000000080000000, 0x0000000084300000, 0x00000000d5580000)
  object space 68608K, 21% used [0x0000000080000000,0x0000000080e68da0,0x0000000084300000)
 Metaspace       used 30017K, committed 30976K, reserved 1114112K
  class space    used 3106K, committed 3520K, reserved 1048576K
}
Event: 37.513 GC heap after
{Heap after GC invocations=12 (full 1):
 PSYoungGen      total 25088K, used 2288K [0x00000000d5580000, 0x00000000d7180000, 0x0000000100000000)
  eden space 22528K, 0% used [0x00000000d5580000,0x00000000d5580000,0x00000000d6b80000)
  from space 2560K, 89% used [0x00000000d6e00000,0x00000000d703c150,0x00000000d7080000)
  to   space 1024K, 0% used [0x00000000d7080000,0x00000000d7080000,0x00000000d7180000)
 ParOldGen       total 68608K, used 15301K [0x0000000080000000, 0x0000000084300000, 0x00000000d5580000)
  object space 68608K, 22% used [0x0000000080000000,0x0000000080ef17e0,0x0000000084300000)
 Metaspace       used 30017K, committed 30976K, reserved 1114112K
  class space    used 3106K, committed 3520K, reserved 1048576K
}
Event: 41.135 GC heap before
{Heap before GC invocations=13 (full 1):
 PSYoungGen      total 25088K, used 24816K [0x00000000d5580000, 0x00000000d7180000, 0x0000000100000000)
  eden space 22528K, 100% used [0x00000000d5580000,0x00000000d6b80000,0x00000000d6b80000)
  from space 2560K, 89% used [0x00000000d6e00000,0x00000000d703c150,0x00000000d7080000)
  to   space 1024K, 0% used [0x00000000d7080000,0x00000000d7080000,0x00000000d7180000)
 ParOldGen       total 68608K, used 15301K [0x0000000080000000, 0x0000000084300000, 0x00000000d5580000)
  object space 68608K, 22% used [0x0000000080000000,0x0000000080ef17e0,0x0000000084300000)
 Metaspace       used 31533K, committed 32512K, reserved 1114112K
  class space    used 3258K, committed 3648K, reserved 1048576K
}
Event: 41.139 GC heap after
{Heap after GC invocations=13 (full 1):
 PSYoungGen      total 23040K, used 1024K [0x00000000d5580000, 0x00000000d7200000, 0x0000000100000000)
  eden space 22016K, 0% used [0x00000000d5580000,0x00000000d5580000,0x00000000d6b00000)
  from space 1024K, 100% used [0x00000000d7080000,0x00000000d7180000,0x00000000d7180000)
  to   space 3584K, 0% used [0x00000000d6b00000,0x00000000d6b00000,0x00000000d6e80000)
 ParOldGen       total 68608K, used 17346K [0x0000000080000000, 0x0000000084300000, 0x00000000d5580000)
  object space 68608K, 25% used [0x0000000080000000,0x00000000810f0a30,0x0000000084300000)
 Metaspace       used 31533K, committed 32512K, reserved 1114112K
  class space    used 3258K, committed 3648K, reserved 1048576K
}
Event: 52.549 GC heap before
{Heap before GC invocations=14 (full 1):
 PSYoungGen      total 23040K, used 23022K [0x00000000d5580000, 0x00000000d7200000, 0x0000000100000000)
  eden space 22016K, 99% used [0x00000000d5580000,0x00000000d6afb820,0x00000000d6b00000)
  from space 1024K, 100% used [0x00000000d7080000,0x00000000d7180000,0x00000000d7180000)
  to   space 3584K, 0% used [0x00000000d6b00000,0x00000000d6b00000,0x00000000d6e80000)
 ParOldGen       total 68608K, used 17346K [0x0000000080000000, 0x0000000084300000, 0x00000000d5580000)
  object space 68608K, 25% used [0x0000000080000000,0x00000000810f0a30,0x0000000084300000)
 Metaspace       used 34792K, committed 35840K, reserved 1114112K
  class space    used 3625K, committed 4096K, reserved 1048576K
}
Event: 52.552 GC heap after
{Heap after GC invocations=14 (full 1):
 PSYoungGen      total 25600K, used 1503K [0x00000000d5580000, 0x00000000d7100000, 0x0000000100000000)
  eden space 22016K, 0% used [0x00000000d5580000,0x00000000d5580000,0x00000000d6b00000)
  from space 3584K, 41% used [0x00000000d6b00000,0x00000000d6c77c10,0x00000000d6e80000)
  to   space 2560K, 0% used [0x00000000d6e80000,0x00000000d6e80000,0x00000000d7100000)
 ParOldGen       total 68608K, used 18287K [0x0000000080000000, 0x0000000084300000, 0x00000000d5580000)
  object space 68608K, 26% used [0x0000000080000000,0x00000000811dbf78,0x0000000084300000)
 Metaspace       used 34792K, committed 35840K, reserved 1114112K
  class space    used 3625K, committed 4096K, reserved 1048576K
}
Event: 52.552 GC heap before
{Heap before GC invocations=15 (full 2):
 PSYoungGen      total 25600K, used 1503K [0x00000000d5580000, 0x00000000d7100000, 0x0000000100000000)
  eden space 22016K, 0% used [0x00000000d5580000,0x00000000d5580000,0x00000000d6b00000)
  from space 3584K, 41% used [0x00000000d6b00000,0x00000000d6c77c10,0x00000000d6e80000)
  to   space 2560K, 0% used [0x00000000d6e80000,0x00000000d6e80000,0x00000000d7100000)
 ParOldGen       total 68608K, used 18287K [0x0000000080000000, 0x0000000084300000, 0x00000000d5580000)
  object space 68608K, 26% used [0x0000000080000000,0x00000000811dbf78,0x0000000084300000)
 Metaspace       used 34792K, committed 35840K, reserved 1114112K
  class space    used 3625K, committed 4096K, reserved 1048576K
}
Event: 52.592 GC heap after
{Heap after GC invocations=15 (full 2):
 PSYoungGen      total 25600K, used 0K [0x00000000d5580000, 0x00000000d7100000, 0x0000000100000000)
  eden space 22016K, 0% used [0x00000000d5580000,0x00000000d5580000,0x00000000d6b00000)
  from space 3584K, 0% used [0x00000000d6b00000,0x00000000d6b00000,0x00000000d6e80000)
  to   space 2560K, 0% used [0x00000000d6e80000,0x00000000d6e80000,0x00000000d7100000)
 ParOldGen       total 68608K, used 18642K [0x0000000080000000, 0x0000000084300000, 0x00000000d5580000)
  object space 68608K, 27% used [0x0000000080000000,0x0000000081234a50,0x0000000084300000)
 Metaspace       used 34792K, committed 35840K, reserved 1114112K
  class space    used 3625K, committed 4096K, reserved 1048576K
}
Event: 54.861 GC heap before
{Heap before GC invocations=16 (full 2):
 PSYoungGen      total 25600K, used 21986K [0x00000000d5580000, 0x00000000d7100000, 0x0000000100000000)
  eden space 22016K, 99% used [0x00000000d5580000,0x00000000d6af8b58,0x00000000d6b00000)
  from space 3584K, 0% used [0x00000000d6b00000,0x00000000d6b00000,0x00000000d6e80000)
  to   space 2560K, 0% used [0x00000000d6e80000,0x00000000d6e80000,0x00000000d7100000)
 ParOldGen       total 68608K, used 18761K [0x0000000080000000, 0x0000000084300000, 0x00000000d5580000)
  object space 68608K, 27% used [0x0000000080000000,0x0000000081252490,0x0000000084300000)
 Metaspace       used 37181K, committed 38272K, reserved 1114112K
  class space    used 3950K, committed 4416K, reserved 1048576K
}
Event: 54.862 GC heap after
{Heap after GC invocations=16 (full 2):
 PSYoungGen      total 24064K, used 1672K [0x00000000d5580000, 0x00000000d7080000, 0x0000000100000000)
  eden space 22016K, 0% used [0x00000000d5580000,0x00000000d5580000,0x00000000d6b00000)
  from space 2048K, 81% used [0x00000000d6e80000,0x00000000d7022090,0x00000000d7080000)
  to   space 2048K, 0% used [0x00000000d6c80000,0x00000000d6c80000,0x00000000d6e80000)
 ParOldGen       total 68608K, used 18769K [0x0000000080000000, 0x0000000084300000, 0x00000000d5580000)
  object space 68608K, 27% used [0x0000000080000000,0x0000000081254490,0x0000000084300000)
 Metaspace       used 37181K, committed 38272K, reserved 1114112K
  class space    used 3950K, committed 4416K, reserved 1048576K
}
Event: 56.575 GC heap before
{Heap before GC invocations=17 (full 2):
 PSYoungGen      total 24064K, used 23688K [0x00000000d5580000, 0x00000000d7080000, 0x0000000100000000)
  eden space 22016K, 100% used [0x00000000d5580000,0x00000000d6b00000,0x00000000d6b00000)
  from space 2048K, 81% used [0x00000000d6e80000,0x00000000d7022090,0x00000000d7080000)
  to   space 2048K, 0% used [0x00000000d6c80000,0x00000000d6c80000,0x00000000d6e80000)
 ParOldGen       total 68608K, used 18808K [0x0000000080000000, 0x0000000084300000, 0x00000000d5580000)
  object space 68608K, 27% used [0x0000000080000000,0x000000008125e380,0x0000000084300000)
 Metaspace       used 39744K, committed 40832K, reserved 1114112K
  class space    used 4232K, committed 4672K, reserved 1048576K
}
Event: 56.577 GC heap after
{Heap after GC invocations=17 (full 2):
 PSYoungGen      total 24064K, used 1986K [0x00000000d5580000, 0x00000000d6f00000, 0x0000000100000000)
  eden space 22016K, 0% used [0x00000000d5580000,0x00000000d5580000,0x00000000d6b00000)
  from space 2048K, 97% used [0x00000000d6c80000,0x00000000d6e70ba0,0x00000000d6e80000)
  to   space 512K, 0% used [0x00000000d6e80000,0x00000000d6e80000,0x00000000d6f00000)
 ParOldGen       total 68608K, used 20179K [0x0000000080000000, 0x0000000084300000, 0x00000000d5580000)
  object space 68608K, 29% used [0x0000000080000000,0x00000000813b4e60,0x0000000084300000)
 Metaspace       used 39744K, committed 40832K, reserved 1114112K
  class space    used 4232K, committed 4672K, reserved 1048576K
}
Event: 60.029 GC heap before
{Heap before GC invocations=18 (full 2):
 PSYoungGen      total 24064K, used 24002K [0x00000000d5580000, 0x00000000d6f00000, 0x0000000100000000)
  eden space 22016K, 100% used [0x00000000d5580000,0x00000000d6b00000,0x00000000d6b00000)
  from space 2048K, 97% used [0x00000000d6c80000,0x00000000d6e70ba0,0x00000000d6e80000)
  to   space 512K, 0% used [0x00000000d6e80000,0x00000000d6e80000,0x00000000d6f00000)
 ParOldGen       total 68608K, used 20179K [0x0000000080000000, 0x0000000084300000, 0x00000000d5580000)
  object space 68608K, 29% used [0x0000000080000000,0x00000000813b4e60,0x0000000084300000)
 Metaspace       used 42345K, committed 43520K, reserved 1114112K
  class space    used 4582K, committed 5056K, reserved 1048576K
}
Event: 60.033 GC heap after
{Heap after GC invocations=18 (full 2):
 PSYoungGen      total 22016K, used 512K [0x00000000d5580000, 0x00000000d7300000, 0x0000000100000000)
  eden space 21504K, 0% used [0x00000000d5580000,0x00000000d5580000,0x00000000d6a80000)
  from space 512K, 100% used [0x00000000d6e80000,0x00000000d6f00000,0x00000000d6f00000)
  to   space 4096K, 0% used [0x00000000d6a80000,0x00000000d6a80000,0x00000000d6e80000)
 ParOldGen       total 68608K, used 23053K [0x0000000080000000, 0x0000000084300000, 0x00000000d5580000)
  object space 68608K, 33% used [0x0000000080000000,0x00000000816837f0,0x0000000084300000)
 Metaspace       used 42345K, committed 43520K, reserved 1114112K
  class space    used 4582K, committed 5056K, reserved 1048576K
}
Event: 64.180 GC heap before
{Heap before GC invocations=19 (full 2):
 PSYoungGen      total 22016K, used 22016K [0x00000000d5580000, 0x00000000d7300000, 0x0000000100000000)
  eden space 21504K, 100% used [0x00000000d5580000,0x00000000d6a80000,0x00000000d6a80000)
  from space 512K, 100% used [0x00000000d6e80000,0x00000000d6f00000,0x00000000d6f00000)
  to   space 4096K, 0% used [0x00000000d6a80000,0x00000000d6a80000,0x00000000d6e80000)
 ParOldGen       total 68608K, used 23053K [0x0000000080000000, 0x0000000084300000, 0x00000000d5580000)
  object space 68608K, 33% used [0x0000000080000000,0x00000000816837f0,0x0000000084300000)
 Metaspace       used 44803K, committed 46016K, reserved 1114112K
  class space    used 4884K, committed 5376K, reserved 1048576K
}
Event: 64.183 GC heap after
{Heap after GC invocations=19 (full 2):
 PSYoungGen      total 23552K, used 1696K [0x00000000d5580000, 0x00000000d6f80000, 0x0000000100000000)
  eden space 21504K, 0% used [0x00000000d5580000,0x00000000d5580000,0x00000000d6a80000)
  from space 2048K, 82% used [0x00000000d6a80000,0x00000000d6c28000,0x00000000d6c80000)
  to   space 2560K, 0% used [0x00000000d6d00000,0x00000000d6d00000,0x00000000d6f80000)
 ParOldGen       total 68608K, used 23565K [0x0000000080000000, 0x0000000084300000, 0x00000000d5580000)
  object space 68608K, 34% used [0x0000000080000000,0x00000000817037f0,0x0000000084300000)
 Metaspace       used 44803K, committed 46016K, reserved 1114112K
  class space    used 4884K, committed 5376K, reserved 1048576K
}
Event: 81.674 GC heap before
{Heap before GC invocations=20 (full 2):
 PSYoungGen      total 23552K, used 23200K [0x00000000d5580000, 0x00000000d6f80000, 0x0000000100000000)
  eden space 21504K, 100% used [0x00000000d5580000,0x00000000d6a80000,0x00000000d6a80000)
  from space 2048K, 82% used [0x00000000d6a80000,0x00000000d6c28000,0x00000000d6c80000)
  to   space 2560K, 0% used [0x00000000d6d00000,0x00000000d6d00000,0x00000000d6f80000)
 ParOldGen       total 68608K, used 23565K [0x0000000080000000, 0x0000000084300000, 0x00000000d5580000)
  object space 68608K, 34% used [0x0000000080000000,0x00000000817037f0,0x0000000084300000)
 Metaspace       used 45993K, committed 47168K, reserved 1114112K
  class space    used 5002K, committed 5440K, reserved 1048576K
}
Event: 81.676 GC heap after
{Heap after GC invocations=20 (full 2):
 PSYoungGen      total 22528K, used 667K [0x00000000d5580000, 0x00000000d6e00000, 0x0000000100000000)
  eden space 21504K, 0% used [0x00000000d5580000,0x00000000d5580000,0x00000000d6a80000)
  from space 1024K, 65% used [0x00000000d6d00000,0x00000000d6da6e98,0x00000000d6e00000)
  to   space 1536K, 0% used [0x00000000d6b00000,0x00000000d6b00000,0x00000000d6c80000)
 ParOldGen       total 68608K, used 24948K [0x0000000080000000, 0x0000000084300000, 0x00000000d5580000)
  object space 68608K, 36% used [0x0000000080000000,0x000000008185d320,0x0000000084300000)
 Metaspace       used 45993K, committed 47168K, reserved 1114112K
  class space    used 5002K, committed 5440K, reserved 1048576K
}
Event: 60061.940 GC heap before
{Heap before GC invocations=21 (full 2):
 PSYoungGen      total 22528K, used 22171K [0x00000000d5580000, 0x00000000d6e00000, 0x0000000100000000)
  eden space 21504K, 100% used [0x00000000d5580000,0x00000000d6a80000,0x00000000d6a80000)
  from space 1024K, 65% used [0x00000000d6d00000,0x00000000d6da6e98,0x00000000d6e00000)
  to   space 1536K, 0% used [0x00000000d6b00000,0x00000000d6b00000,0x00000000d6c80000)
 ParOldGen       total 68608K, used 24948K [0x0000000080000000, 0x0000000084300000, 0x00000000d5580000)
  object space 68608K, 36% used [0x0000000080000000,0x000000008185d320,0x0000000084300000)
 Metaspace       used 47504K, committed 48640K, reserved 1114112K
  class space    used 5158K, committed 5632K, reserved 1048576K
}
Event: 60062.006 GC heap after
{Heap after GC invocations=21 (full 2):
 PSYoungGen      total 23040K, used 1040K [0x00000000d5580000, 0x00000000d6d80000, 0x0000000100000000)
  eden space 21504K, 0% used [0x00000000d5580000,0x00000000d5580000,0x00000000d6a80000)
  from space 1536K, 67% used [0x00000000d6b00000,0x00000000d6c04020,0x00000000d6c80000)
  to   space 1024K, 0% used [0x00000000d6c80000,0x00000000d6c80000,0x00000000d6d80000)
 ParOldGen       total 68608K, used 25402K [0x0000000080000000, 0x0000000084300000, 0x00000000d5580000)
  object space 68608K, 37% used [0x0000000080000000,0x00000000818ceb90,0x0000000084300000)
 Metaspace       used 47504K, committed 48640K, reserved 1114112K
  class space    used 5158K, committed 5632K, reserved 1048576K
}

Dll operation events (10 events):
Event: 0.171 Loaded shared library c:\Users\cosmas.murundo\.vscode\extensions\redhat.java-1.54.0-win32-x64\jre\21.0.10-win32-x86_64\bin\java.dll
Event: 0.563 Loaded shared library c:\Users\cosmas.murundo\.vscode\extensions\redhat.java-1.54.0-win32-x64\jre\21.0.10-win32-x86_64\bin\zip.dll
Event: 0.621 Loaded shared library C:\Users\cosmas.murundo\.vscode\extensions\redhat.java-1.54.0-win32-x64\jre\21.0.10-win32-x86_64\bin\instrument.dll
Event: 0.651 Loaded shared library C:\Users\cosmas.murundo\.vscode\extensions\redhat.java-1.54.0-win32-x64\jre\21.0.10-win32-x86_64\bin\net.dll
Event: 0.692 Loaded shared library C:\Users\cosmas.murundo\.vscode\extensions\redhat.java-1.54.0-win32-x64\jre\21.0.10-win32-x86_64\bin\nio.dll
Event: 0.706 Loaded shared library C:\Users\cosmas.murundo\.vscode\extensions\redhat.java-1.54.0-win32-x64\jre\21.0.10-win32-x86_64\bin\zip.dll
Event: 0.761 Loaded shared library C:\Users\cosmas.murundo\.vscode\extensions\redhat.java-1.54.0-win32-x64\jre\21.0.10-win32-x86_64\bin\jimage.dll
Event: 1.451 Loaded shared library c:\Users\cosmas.murundo\.vscode\extensions\redhat.java-1.54.0-win32-x64\jre\21.0.10-win32-x86_64\bin\verify.dll
Event: 11.221 Loaded shared library C:\Users\cosmas.murundo\AppData\Roaming\Code\User\globalStorage\redhat.java\1.54.0\config_win\org.eclipse.equinox.launcher\org.eclipse.equinox.launcher.win32.win32.x86_64_1.3.0.v20260203-2149\eclipse_11919.dll
Event: 21.772 Loaded shared library C:\Users\cosmas.murundo\AppData\Local\Temp\jna--956987848\jna1549677465013984148.dll

Deoptimization events (20 events):
Event: 85.921 Thread 0x0000017e77e62c90 DEOPT PACKING pc=0x0000017e23bb5d50 sp=0x00000006a70ff2d0
Event: 85.921 Thread 0x0000017e77e62c90 DEOPT UNPACKING pc=0x0000017e23303aa2 sp=0x00000006a70ff1e8 mode 2
Event: 322.752 Thread 0x0000017e77e62c90 Uncommon trap: trap_request=0xffffff45 fr.pc=0x0000017e23891674 relative=0x00000000000005f4
Event: 322.752 Thread 0x0000017e77e62c90 Uncommon trap: reason=unstable_if action=reinterpret pc=0x0000017e23891674 method=java.util.HashMap.putVal(ILjava/lang/Object;Ljava/lang/Object;ZZ)Ljava/lang/Object; @ 236 c2
Event: 322.752 Thread 0x0000017e77e62c90 DEOPT PACKING pc=0x0000017e23891674 sp=0x00000006a70ff150
Event: 322.752 Thread 0x0000017e77e62c90 DEOPT UNPACKING pc=0x0000017e23303aa2 sp=0x00000006a70ff0c8 mode 2
Event: 78619.222 Thread 0x0000017e7926e060 Uncommon trap: trap_request=0xffffffd6 fr.pc=0x0000017e23befe38 relative=0x00000000000002f8
Event: 78619.222 Thread 0x0000017e7926e060 Uncommon trap: reason=array_check action=maybe_recompile pc=0x0000017e23befe38 method=java.util.concurrent.ScheduledThreadPoolExecutor$DelayedWorkQueue.offer(Ljava/lang/Runnable;)Z @ 65 c2
Event: 78619.222 Thread 0x0000017e7926e060 DEOPT PACKING pc=0x0000017e23befe38 sp=0x00000006a7fff330
Event: 78619.223 Thread 0x0000017e7926e060 DEOPT UNPACKING pc=0x0000017e23303aa2 sp=0x00000006a7fff1d0 mode 2
Event: 78629.233 Thread 0x0000017e7926e060 Uncommon trap: trap_request=0xffffffd6 fr.pc=0x0000017e23befe38 relative=0x00000000000002f8
Event: 78629.234 Thread 0x0000017e7926e060 Uncommon trap: reason=array_check action=maybe_recompile pc=0x0000017e23befe38 method=java.util.concurrent.ScheduledThreadPoolExecutor$DelayedWorkQueue.offer(Ljava/lang/Runnable;)Z @ 65 c2
Event: 78629.234 Thread 0x0000017e7926e060 DEOPT PACKING pc=0x0000017e23befe38 sp=0x00000006a7fff330
Event: 78629.235 Thread 0x0000017e7926e060 DEOPT UNPACKING pc=0x0000017e23303aa2 sp=0x00000006a7fff1d0 mode 2
Event: 78639.248 Thread 0x0000017e7926e060 Uncommon trap: trap_request=0xffffffd6 fr.pc=0x0000017e23befe38 relative=0x00000000000002f8
Event: 78639.248 Thread 0x0000017e7926e060 Uncommon trap: reason=array_check action=maybe_recompile pc=0x0000017e23befe38 method=java.util.concurrent.ScheduledThreadPoolExecutor$DelayedWorkQueue.offer(Ljava/lang/Runnable;)Z @ 65 c2
Event: 78639.248 Thread 0x0000017e7926e060 DEOPT PACKING pc=0x0000017e23befe38 sp=0x00000006a7fff330
Event: 78639.249 Thread 0x0000017e7926e060 DEOPT UNPACKING pc=0x0000017e23303aa2 sp=0x00000006a7fff1d0 mode 2
Event: 136902.370 Thread 0x0000017e77e62c90 DEOPT PACKING pc=0x0000017e1c7f375b sp=0x00000006a70ff0d0
Event: 136902.372 Thread 0x0000017e77e62c90 DEOPT UNPACKING pc=0x0000017e23304242 sp=0x00000006a70fe558 mode 0

Classes loaded (20 events):
Event: 84.549 Loading class java/util/concurrent/CompletableFuture$UniExceptionally
Event: 84.549 Loading class java/util/concurrent/CompletableFuture$UniExceptionally done
Event: 84.714 Loading class java/util/Collections$SynchronizedRandomAccessList
Event: 84.815 Loading class java/util/Collections$SynchronizedList
Event: 84.815 Loading class java/util/Collections$SynchronizedList done
Event: 84.815 Loading class java/util/Collections$SynchronizedRandomAccessList done
Event: 85.036 Loading class java/nio/file/InvalidPathException
Event: 85.037 Loading class java/nio/file/InvalidPathException done
Event: 85.042 Loading class java/util/concurrent/CompletableFuture$Signaller
Event: 85.042 Loading class java/util/concurrent/CompletableFuture$Signaller done
Event: 85.579 Loading class java/util/stream/ReduceOps$5
Event: 85.580 Loading class java/util/stream/ReduceOps$5 done
Event: 85.580 Loading class java/util/stream/ReduceOps$CountingSink$OfRef
Event: 85.590 Loading class java/util/stream/ReduceOps$CountingSink
Event: 85.591 Loading class java/util/stream/ReduceOps$CountingSink done
Event: 85.591 Loading class java/util/stream/ReduceOps$CountingSink$OfRef done
Event: 85.681 Loading class java/util/stream/ReduceOps$1
Event: 85.800 Loading class java/util/stream/ReduceOps$1 done
Event: 85.800 Loading class java/util/stream/ReduceOps$1ReducingSink
Event: 85.801 Loading class java/util/stream/ReduceOps$1ReducingSink done

Classes unloaded (7 events):
Event: 28.514 Thread 0x0000017e18b14990 Unloading class 0x0000017e311ad400 'java/lang/invoke/LambdaForm$MH+0x0000017e311ad400'
Event: 28.514 Thread 0x0000017e18b14990 Unloading class 0x0000017e311ad000 'java/lang/invoke/LambdaForm$MH+0x0000017e311ad000'
Event: 28.514 Thread 0x0000017e18b14990 Unloading class 0x0000017e311acc00 'java/lang/invoke/LambdaForm$MH+0x0000017e311acc00'
Event: 28.514 Thread 0x0000017e18b14990 Unloading class 0x0000017e311ac800 'java/lang/invoke/LambdaForm$MH+0x0000017e311ac800'
Event: 28.514 Thread 0x0000017e18b14990 Unloading class 0x0000017e311ac400 'java/lang/invoke/LambdaForm$BMH+0x0000017e311ac400'
Event: 28.514 Thread 0x0000017e18b14990 Unloading class 0x0000017e311ac000 'java/lang/invoke/LambdaForm$DMH+0x0000017e311ac000'
Event: 28.514 Thread 0x0000017e18b14990 Unloading class 0x0000017e311aac00 'java/lang/invoke/LambdaForm$DMH+0x0000017e311aac00'

Classes redefined (0 events):
No events

Internal exceptions (20 events):
Event: 82.997 Thread 0x0000017e77e61f70 Exception <a 'sun/nio/fs/WindowsException'{0x00000000d5881bd8}> (0x00000000d5881bd8) 
thrown [s\src\hotspot\share\prims\jni.cpp, line 520]
Event: 83.013 Thread 0x0000017e77e61f70 Implicit null exception at 0x0000017e23ba1ba1 to 0x0000017e23ba29cc
Event: 83.444 Thread 0x0000017e77e61f70 Exception <a 'sun/nio/fs/WindowsException'{0x00000000d5979140}> (0x00000000d5979140) 
thrown [s\src\hotspot\share\prims\jni.cpp, line 520]
Event: 83.444 Thread 0x0000017e77e61f70 Exception <a 'sun/nio/fs/WindowsException'{0x00000000d5979770}> (0x00000000d5979770) 
thrown [s\src\hotspot\share\prims\jni.cpp, line 520]
Event: 83.448 Thread 0x0000017e77e61f70 Exception <a 'sun/nio/fs/WindowsException'{0x00000000d597a090}> (0x00000000d597a090) 
thrown [s\src\hotspot\share\prims\jni.cpp, line 520]
Event: 83.448 Thread 0x0000017e77e61f70 Exception <a 'sun/nio/fs/WindowsException'{0x00000000d597a6c0}> (0x00000000d597a6c0) 
thrown [s\src\hotspot\share\prims\jni.cpp, line 520]
Event: 83.457 Thread 0x0000017e77e61f70 Exception <a 'sun/nio/fs/WindowsException'{0x00000000d598fad8}> (0x00000000d598fad8) 
thrown [s\src\hotspot\share\prims\jni.cpp, line 520]
Event: 83.457 Thread 0x0000017e77e61f70 Exception <a 'sun/nio/fs/WindowsException'{0x00000000d59903b8}> (0x00000000d59903b8) 
thrown [s\src\hotspot\share\prims\jni.cpp, line 520]
Event: 83.571 Thread 0x0000017e77e61f70 Exception <a 'sun/nio/fs/WindowsException'{0x00000000d59cd138}> (0x00000000d59cd138) 
thrown [s\src\hotspot\share\prims\jni.cpp, line 520]
Event: 83.571 Thread 0x0000017e77e61f70 Exception <a 'sun/nio/fs/WindowsException'{0x00000000d59cda18}> (0x00000000d59cda18) 
thrown [s\src\hotspot\share\prims\jni.cpp, line 520]
Event: 83.698 Thread 0x0000017e77e61f70 Exception <a 'java/lang/NoSuchMethodError'{0x00000000d5a6b7f0}: 'void java.lang.invoke.DirectMethodHandle$Holder.invokeVirtual(java.lang.Object, java.lang.Object, java.lang.Object, java.lang.Object)'> (0x00000000d5a6b7f0) 
thrown [s\src\hotspot\share\interpreter\linkResolver.cpp, line 773]
Event: 84.116 Thread 0x0000017e79270e50 Exception <a 'sun/nio/fs/WindowsException'{0x00000000d5c95548}> (0x00000000d5c95548) 
thrown [s\src\hotspot\share\prims\jni.cpp, line 520]
Event: 84.116 Thread 0x0000017e79270e50 Exception <a 'sun/nio/fs/WindowsException'{0x00000000d5c95b78}> (0x00000000d5c95b78) 
thrown [s\src\hotspot\share\prims\jni.cpp, line 520]
Event: 84.140 Thread 0x0000017e79270e50 Exception <a 'sun/nio/fs/WindowsException'{0x00000000d5c98c68}> (0x00000000d5c98c68) 
thrown [s\src\hotspot\share\prims\jni.cpp, line 520]
Event: 84.141 Thread 0x0000017e79270e50 Exception <a 'sun/nio/fs/WindowsException'{0x00000000d5c99298}> (0x00000000d5c99298) 
thrown [s\src\hotspot\share\prims\jni.cpp, line 520]
Event: 84.501 Thread 0x0000017e79270e50 Exception <a 'sun/nio/fs/WindowsException'{0x00000000d5e4ee38}> (0x00000000d5e4ee38) 
thrown [s\src\hotspot\share\prims\jni.cpp, line 520]
Event: 84.501 Thread 0x0000017e79270e50 Exception <a 'sun/nio/fs/WindowsException'{0x00000000d5e4f718}> (0x00000000d5e4f718) 
thrown [s\src\hotspot\share\prims\jni.cpp, line 520]
Event: 84.527 Thread 0x0000017e79270e50 Exception <a 'java/lang/IncompatibleClassChangeError'{0x00000000d5ee5fd8}: Found class java.lang.Object, but interface was expected> (0x00000000d5ee5fd8) 
thrown [s\src\hotspot\share\interpreter\linkResolver.cpp, line 840]
Event: 85.021 Thread 0x0000017e792707c0 Exception <a 'java/lang/NoSuchMethodError'{0x00000000d61bc458}: 'java.lang.Object java.lang.invoke.DirectMethodHandle$Holder.invokeStaticInit(java.lang.Object, java.lang.Object, java.lang.Object)'> (0x00000000d61bc458) 
thrown [s\src\hotspot\share\interpreter\linkResolver.cpp, line 773]
Event: 1003.326 Thread 0x0000017e79270e50 Exception <a 'java/lang/IncompatibleClassChangeError'{0x00000000d6515128}: Found class java.lang.Object, but interface was expected> (0x00000000d6515128) 
thrown [s\src\hotspot\share\interpreter\linkResolver.cpp, line 840]

ZGC Phase Switch (0 events):
No events

VM Operations (20 events):
Event: 157502.454 Executing non-safepoint VM operation: HandshakeAllThreads (HandshakeForDeflation)
Event: 157502.454 Executing non-safepoint VM operation: HandshakeAllThreads (HandshakeForDeflation) done
Event: 157502.454 Executing non-safepoint VM operation: RendezvousGCThreads
Event: 157502.454 Executing non-safepoint VM operation: RendezvousGCThreads done
Event: 157562.704 Executing non-safepoint VM operation: HandshakeAllThreads (HandshakeForDeflation)
Event: 157562.704 Executing non-safepoint VM operation: HandshakeAllThreads (HandshakeForDeflation) done
Event: 157562.704 Executing non-safepoint VM operation: RendezvousGCThreads
Event: 157562.704 Executing non-safepoint VM operation: RendezvousGCThreads done
Event: 157622.770 Executing non-safepoint VM operation: HandshakeAllThreads (HandshakeForDeflation)
Event: 157622.770 Executing non-safepoint VM operation: HandshakeAllThreads (HandshakeForDeflation) done
Event: 157622.770 Executing non-safepoint VM operation: RendezvousGCThreads
Event: 157622.770 Executing non-safepoint VM operation: RendezvousGCThreads done
Event: 157682.996 Executing non-safepoint VM operation: HandshakeAllThreads (HandshakeForDeflation)
Event: 157682.996 Executing non-safepoint VM operation: HandshakeAllThreads (HandshakeForDeflation) done
Event: 157682.996 Executing non-safepoint VM operation: RendezvousGCThreads
Event: 157682.996 Executing non-safepoint VM operation: RendezvousGCThreads done
Event: 163223.460 Executing non-safepoint VM operation: HandshakeAllThreads (HandshakeForDeflation)
Event: 163223.462 Executing non-safepoint VM operation: HandshakeAllThreads (HandshakeForDeflation) done
Event: 163223.462 Executing non-safepoint VM operation: RendezvousGCThreads
Event: 163223.462 Executing non-safepoint VM operation: RendezvousGCThreads done

Memory protections (0 events):
No events

Nmethod flushes (20 events):
Event: 52.572 Thread 0x0000017e18b14990 flushing  nmethod 0x0000017e1c40db10
Event: 52.572 Thread 0x0000017e18b14990 flushing  nmethod 0x0000017e1c40ed10
Event: 52.572 Thread 0x0000017e18b14990 flushing  nmethod 0x0000017e1c40f990
Event: 52.572 Thread 0x0000017e18b14990 flushing  nmethod 0x0000017e1c410110
Event: 52.572 Thread 0x0000017e18b14990 flushing  nmethod 0x0000017e1c411690
Event: 52.572 Thread 0x0000017e18b14990 flushing  nmethod 0x0000017e1c411b90
Event: 52.572 Thread 0x0000017e18b14990 flushing  nmethod 0x0000017e1c411f90
Event: 52.572 Thread 0x0000017e18b14990 flushing  nmethod 0x0000017e1c413390
Event: 52.572 Thread 0x0000017e18b14990 flushing  nmethod 0x0000017e1c415310
Event: 52.572 Thread 0x0000017e18b14990 flushing  nmethod 0x0000017e1c41fd90
Event: 52.572 Thread 0x0000017e18b14990 flushing  nmethod 0x0000017e1c420690
Event: 52.572 Thread 0x0000017e18b14990 flushing  nmethod 0x0000017e1c46fc90
Event: 52.572 Thread 0x0000017e18b14990 flushing  nmethod 0x0000017e1c477a10
Event: 52.572 Thread 0x0000017e18b14990 flushing  nmethod 0x0000017e1c47a910
Event: 52.572 Thread 0x0000017e18b14990 flushing  nmethod 0x0000017e1c487a10
Event: 52.572 Thread 0x0000017e18b14990 flushing  nmethod 0x0000017e1c4ca810
Event: 52.572 Thread 0x0000017e18b14990 flushing  nmethod 0x0000017e1c4ee890
Event: 52.572 Thread 0x0000017e18b14990 flushing  nmethod 0x0000017e1c501e90
Event: 52.572 Thread 0x0000017e18b14990 flushing  nmethod 0x0000017e1c52d410
Event: 52.572 Thread 0x0000017e18b14990 flushing  nmethod 0x0000017e1c551a90

Events (20 events):
Event: 56.762 Thread 0x0000017e18b90fe0 Thread added: 0x0000017e7926e060
Event: 59.278 Thread 0x0000017e18b90fe0 Thread added: 0x0000017e7926d9d0
Event: 59.279 Thread 0x0000017e18b90fe0 Thread added: 0x0000017e79270e50
Event: 66.215 Thread 0x0000017e77e61f70 Thread added: 0x0000017e7926e6f0
Event: 83.895 Thread 0x0000017e7926e6f0 Thread exited: 0x0000017e7926e6f0
Event: 84.549 Thread 0x0000017e79270e50 Thread added: 0x0000017e79270130
Event: 84.557 Thread 0x0000017e79270130 Thread added: 0x0000017e79271b70
Event: 84.566 Thread 0x0000017e79271b70 Thread added: 0x0000017e792714e0
Event: 84.598 Thread 0x0000017e792714e0 Thread added: 0x0000017e792707c0
Event: 84.679 Thread 0x0000017e792707c0 Thread added: 0x0000017e7926e6f0
Event: 84.687 Thread 0x0000017e7926e6f0 Thread added: 0x0000017e792735b0
Event: 144.239 Thread 0x0000017e77e61250 Thread exited: 0x0000017e77e61250
Event: 144.344 Thread 0x0000017e77e61f70 Thread exited: 0x0000017e77e61f70
Event: 145.527 Thread 0x0000017e77e618e0 Thread exited: 0x0000017e77e618e0
Event: 146.667 Thread 0x0000017e792707c0 Thread exited: 0x0000017e792707c0
Event: 206.687 Thread 0x0000017e792714e0 Thread exited: 0x0000017e792714e0
Event: 266.769 Thread 0x0000017e79270130 Thread exited: 0x0000017e79270130
Event: 326.900 Thread 0x0000017e79271b70 Thread exited: 0x0000017e79271b70
Event: 386.947 Thread 0x0000017e7926e6f0 Thread exited: 0x0000017e7926e6f0
Event: 446.955 Thread 0x0000017e792735b0 Thread exited: 0x0000017e792735b0


Dynamic libraries:
0x00007ff68e660000 - 0x00007ff68e66e000 	c:\Users\cosmas.murundo\.vscode\extensions\redhat.java-1.54.0-win32-x64\jre\21.0.10-win32-x86_64\bin\java.exe
0x00007ff8a1660000 - 0x00007ff8a18c7000 	C:\WINDOWS\SYSTEM32\ntdll.dll
0x00007ff89fc40000 - 0x00007ff89fd09000 	C:\WINDOWS\System32\KERNEL32.DLL
0x00007ff89df30000 - 0x00007ff89e324000 	C:\WINDOWS\System32\KERNELBASE.dll
0x00007ff898690000 - 0x00007ff89872f000 	C:\WINDOWS\SYSTEM32\apphelp.dll
0x00007ff89ed40000 - 0x00007ff89ee8b000 	C:\WINDOWS\System32\ucrtbase.dll
0x00007ff87bb30000 - 0x00007ff87bb48000 	c:\Users\cosmas.murundo\.vscode\extensions\redhat.java-1.54.0-win32-x64\jre\21.0.10-win32-x86_64\bin\jli.dll
0x00007ff880220000 - 0x00007ff88023e000 	c:\Users\cosmas.murundo\.vscode\extensions\redhat.java-1.54.0-win32-x64\jre\21.0.10-win32-x86_64\bin\VCRUNTIME140.dll
0x00007ff89f500000 - 0x00007ff89f6c5000 	C:\WINDOWS\System32\USER32.dll
0x00007ff89e330000 - 0x00007ff89e357000 	C:\WINDOWS\System32\win32u.dll
0x00007ff87f180000 - 0x00007ff87f413000 	C:\WINDOWS\WinSxS\amd64_microsoft.windows.common-controls_6595b64144ccf1df_6.0.26100.8115_none_3e075c82e3354f9c\COMCTL32.dll
0x00007ff89ff60000 - 0x00007ff89ff8b000 	C:\WINDOWS\System32\GDI32.dll
0x00007ff8a0ac0000 - 0x00007ff8a0b69000 	C:\WINDOWS\System32\msvcrt.dll
0x00007ff89f0a0000 - 0x00007ff89f1cb000 	C:\WINDOWS\System32\gdi32full.dll
0x00007ff89f340000 - 0x00007ff89f3e3000 	C:\WINDOWS\System32\msvcp_win.dll
0x00007ff89f6d0000 - 0x00007ff89f702000 	C:\WINDOWS\System32\IMM32.DLL
0x0000017e168c0000 - 0x0000017e168d6000 	C:\WINDOWS\System32\umppc20709.dll
0x0000017e168f0000 - 0x0000017e16904000 	C:\WINDOWS\System32\CsXumd64_20709.dll
0x00007ff887a00000 - 0x00007ff887a0c000 	c:\Users\cosmas.murundo\.vscode\extensions\redhat.java-1.54.0-win32-x64\jre\21.0.10-win32-x86_64\bin\vcruntime140_1.dll
0x00007ff860ce0000 - 0x00007ff860d6d000 	c:\Users\cosmas.murundo\.vscode\extensions\redhat.java-1.54.0-win32-x64\jre\21.0.10-win32-x86_64\bin\msvcp140.dll
0x00007ff81c3f0000 - 0x00007ff81d191000 	c:\Users\cosmas.murundo\.vscode\extensions\redhat.java-1.54.0-win32-x64\jre\21.0.10-win32-x86_64\bin\server\jvm.dll
0x00007ff8a07b0000 - 0x00007ff8a0866000 	C:\WINDOWS\System32\ADVAPI32.dll
0x00007ff89feb0000 - 0x00007ff89ff57000 	C:\WINDOWS\System32\sechost.dll
0x00007ff89fd10000 - 0x00007ff89fe28000 	C:\WINDOWS\System32\RPCRT4.dll
0x00007ff8a1590000 - 0x00007ff8a1610000 	C:\WINDOWS\System32\WS2_32.dll
0x00007ff89dbe0000 - 0x00007ff89dc3e000 	C:\WINDOWS\SYSTEM32\POWRPROF.dll
0x00007ff895540000 - 0x00007ff895576000 	C:\WINDOWS\SYSTEM32\WINMM.dll
0x00007ff88c160000 - 0x00007ff88c16b000 	C:\WINDOWS\SYSTEM32\VERSION.dll
0x00007ff89dbc0000 - 0x00007ff89dbd4000 	C:\WINDOWS\SYSTEM32\UMPDC.dll
0x00007ff89cb90000 - 0x00007ff89cbab000 	C:\WINDOWS\SYSTEM32\kernel.appcore.dll
0x00007ff885640000 - 0x00007ff88564a000 	c:\Users\cosmas.murundo\.vscode\extensions\redhat.java-1.54.0-win32-x64\jre\21.0.10-win32-x86_64\bin\jimage.dll
0x00007ff89bad0000 - 0x00007ff89bd12000 	C:\WINDOWS\SYSTEM32\DBGHELP.DLL
0x00007ff8a0420000 - 0x00007ff8a07a2000 	C:\WINDOWS\System32\combase.dll
0x00007ff89f770000 - 0x00007ff89f848000 	C:\WINDOWS\System32\OLEAUT32.dll
0x00007ff876da0000 - 0x00007ff876ddb000 	C:\WINDOWS\SYSTEM32\dbgcore.DLL
0x00007ff89ec90000 - 0x00007ff89ed35000 	C:\WINDOWS\System32\bcryptPrimitives.dll
0x00007ff883f40000 - 0x00007ff883f4f000 	c:\Users\cosmas.murundo\.vscode\extensions\redhat.java-1.54.0-win32-x64\jre\21.0.10-win32-x86_64\bin\instrument.dll
0x00007ff87b170000 - 0x00007ff87b190000 	c:\Users\cosmas.murundo\.vscode\extensions\redhat.java-1.54.0-win32-x64\jre\21.0.10-win32-x86_64\bin\java.dll
0x00007ff8a0b70000 - 0x00007ff8a12d7000 	C:\WINDOWS\System32\SHELL32.dll
0x00007ff89f1d0000 - 0x00007ff89f33a000 	C:\WINDOWS\System32\wintypes.dll
0x00007ff89e360000 - 0x00007ff89ebc8000 	C:\WINDOWS\System32\windows.storage.dll
0x00007ff89fb40000 - 0x00007ff89fc38000 	C:\WINDOWS\System32\SHCORE.dll
0x00007ff8a0870000 - 0x00007ff8a08d6000 	C:\WINDOWS\System32\shlwapi.dll
0x00007ff89de50000 - 0x00007ff89de79000 	C:\WINDOWS\SYSTEM32\profapi.dll
0x00007ff878ab0000 - 0x00007ff878ac8000 	c:\Users\cosmas.murundo\.vscode\extensions\redhat.java-1.54.0-win32-x64\jre\21.0.10-win32-x86_64\bin\zip.dll
0x00007ff883e20000 - 0x00007ff883e30000 	C:\Users\cosmas.murundo\.vscode\extensions\redhat.java-1.54.0-win32-x64\jre\21.0.10-win32-x86_64\bin\net.dll
0x00007ff89cbb0000 - 0x00007ff89ccdd000 	C:\WINDOWS\SYSTEM32\WINHTTP.dll
0x00007ff89d230000 - 0x00007ff89d29c000 	C:\WINDOWS\system32\mswsock.dll
0x00007ff8789c0000 - 0x00007ff8789d6000 	C:\Users\cosmas.murundo\.vscode\extensions\redhat.java-1.54.0-win32-x64\jre\21.0.10-win32-x86_64\bin\nio.dll
0x00007ff889170000 - 0x00007ff889180000 	c:\Users\cosmas.murundo\.vscode\extensions\redhat.java-1.54.0-win32-x64\jre\21.0.10-win32-x86_64\bin\verify.dll
0x00007ff86d700000 - 0x00007ff86d745000 	C:\Users\cosmas.murundo\AppData\Roaming\Code\User\globalStorage\redhat.java\1.54.0\config_win\org.eclipse.equinox.launcher\org.eclipse.equinox.launcher.win32.win32.x86_64_1.3.0.v20260203-2149\eclipse_11919.dll
0x00007ff89f980000 - 0x00007ff89fb17000 	C:\WINDOWS\System32\ole32.dll
0x00007ff89d510000 - 0x00007ff89d52b000 	C:\WINDOWS\SYSTEM32\CRYPTSP.dll
0x00007ff89caf0000 - 0x00007ff89cb29000 	C:\WINDOWS\system32\rsaenh.dll
0x00007ff89d2e0000 - 0x00007ff89d313000 	C:\WINDOWS\SYSTEM32\USERENV.dll
0x00007ff89de20000 - 0x00007ff89de4a000 	C:\WINDOWS\SYSTEM32\bcrypt.dll
0x00007ff89d530000 - 0x00007ff89d53c000 	C:\WINDOWS\SYSTEM32\CRYPTBASE.dll
0x00007ff89c370000 - 0x00007ff89c3a2000 	C:\WINDOWS\SYSTEM32\IPHLPAPI.DLL
0x00007ff8a1580000 - 0x00007ff8a158a000 	C:\WINDOWS\System32\NSI.dll
0x00007ff818bf0000 - 0x00007ff818c39000 	C:\Users\cosmas.murundo\AppData\Local\Temp\jna--956987848\jna1549677465013984148.dll
0x00007ff89f760000 - 0x00007ff89f768000 	C:\WINDOWS\System32\PSAPI.DLL
0x00007ff892d20000 - 0x00007ff892d3d000 	C:\WINDOWS\SYSTEM32\dhcpcsvc6.DLL
0x00007ff892cf0000 - 0x00007ff892d15000 	C:\WINDOWS\SYSTEM32\dhcpcsvc.DLL

JVMTI agents:
c:\Users\cosmas.murundo\.vscode\extensions\redhat.java-1.54.0-win32-x64\lombok\lombok-1.18.39-4050.jar path:c:\Users\cosmas.murundo\.vscode\extensions\redhat.java-1.54.0-win32-x64\jre\21.0.10-win32-x86_64\bin\instrument.dll, loaded, initialized, instrumentlib options:none

dbghelp: loaded successfully - version: 4.0.5 - missing functions: none
symbol engine: initialized successfully - sym options: 0x614 - pdb path: .;c:\Users\cosmas.murundo\.vscode\extensions\redhat.java-1.54.0-win32-x64\jre\21.0.10-win32-x86_64\bin;C:\WINDOWS\SYSTEM32;C:\WINDOWS\WinSxS\amd64_microsoft.windows.common-controls_6595b64144ccf1df_6.0.26100.8115_none_3e075c82e3354f9c;c:\Users\cosmas.murundo\.vscode\extensions\redhat.java-1.54.0-win32-x64\jre\21.0.10-win32-x86_64\bin\server;C:\Users\cosmas.murundo\AppData\Roaming\Code\User\globalStorage\redhat.java\1.54.0\config_win\org.eclipse.equinox.launcher\org.eclipse.equinox.launcher.win32.win32.x86_64_1.3.0.v20260203-2149;C:\Users\cosmas.murundo\AppData\Local\Temp\jna--956987848

VM Arguments:
jvm_args: --add-modules=ALL-SYSTEM --add-opens=java.base/java.util=ALL-UNNAMED --add-opens=java.base/java.lang=ALL-UNNAMED --add-opens=java.base/sun.nio.fs=ALL-UNNAMED -Declipse.application=org.eclipse.jdt.ls.core.id1 -Dosgi.bundles.defaultStartLevel=4 -Declipse.product=org.eclipse.jdt.ls.core.product -Djava.import.generatesMetadataFilesAtProjectRoot=false -DDetectVMInstallationsJob.disabled=true -Dfile.encoding=utf8 -XX:+UseParallelGC -XX:GCTimeRatio=4 -XX:AdaptiveSizePolicyWeight=90 -Dsun.zip.disableMemoryMapping=true -Xmx2G -Xms100m -Xlog:disable -javaagent:c:\Users\cosmas.murundo\.vscode\extensions\redhat.java-1.54.0-win32-x64\lombok\lombok-1.18.39-4050.jar -XX:+HeapDumpOnOutOfMemoryError -XX:HeapDumpPath=c:\Users\cosmas.murundo\AppData\Roaming\Code\User\workspaceStorage\590336a83bb3f635515ff0dad906ebde\redhat.java -Daether.dependencyCollector.impl=bf 
java_command: c:\Users\cosmas.murundo\.vscode\extensions\redhat.java-1.54.0-win32-x64\server\plugins\org.eclipse.equinox.launcher_1.7.100.v20251111-0406.jar -configuration c:\Users\cosmas.murundo\AppData\Roaming\Code\User\globalStorage\redhat.java\1.54.0\config_win -data c:\Users\cosmas.murundo\AppData\Roaming\Code\User\workspaceStorage\590336a83bb3f635515ff0dad906ebde\redhat.java\jdt_ws --pipe=\\.\pipe\lsp-577ea2e13f46f27d894c4b52b177705f-sock
java_class_path (initial): c:\Users\cosmas.murundo\.vscode\extensions\redhat.java-1.54.0-win32-x64\server\plugins\org.eclipse.equinox.launcher_1.7.100.v20251111-0406.jar
Launcher Type: SUN_STANDARD

[Global flags]
    uintx AdaptiveSizePolicyWeight                 = 90                                        {product} {command line}
     intx CICompilerCount                          = 4                                         {product} {ergonomic}
    uintx GCTimeRatio                              = 4                                         {product} {command line}
     bool HeapDumpOnOutOfMemoryError               = true                                   {manageable} {command line}
    ccstr HeapDumpPath                             = c:\Users\cosmas.murundo\AppData\Roaming\Code\User\workspaceStorage\590336a83bb3f635515ff0dad906ebde\redhat.java         {manageable} {command line}
   size_t InitialHeapSize                          = 104857600                                 {product} {command line}
   size_t MaxHeapSize                              = 2147483648                                {product} {command line}
   size_t MaxNewSize                               = 715653120                                 {product} {ergonomic}
   size_t MinHeapDeltaBytes                        = 524288                                    {product} {ergonomic}
   size_t MinHeapSize                              = 104857600                                 {product} {command line}
   size_t NewSize                                  = 34603008                                  {product} {ergonomic}
    uintx NonNMethodCodeHeapSize                   = 5839372                                {pd product} {ergonomic}
    uintx NonProfiledCodeHeapSize                  = 122909434                              {pd product} {ergonomic}
   size_t OldSize                                  = 70254592                                  {product} {ergonomic}
    uintx ProfiledCodeHeapSize                     = 122909434                              {pd product} {ergonomic}
    uintx ReservedCodeCacheSize                    = 251658240                              {pd product} {ergonomic}
     bool SegmentedCodeCache                       = true                                      {product} {ergonomic}
   size_t SoftMaxHeapSize                          = 2147483648                             {manageable} {ergonomic}
     bool UseCompressedOops                        = true                           {product lp64_product} {ergonomic}
     bool UseLargePagesIndividualAllocation        = false                                  {pd product} {ergonomic}
     bool UseParallelGC                            = true                                      {product} {command line}

Logging:
Log output configuration:
 #0: stdout all=off uptime,level,tags foldmultilines=false
 #1: stderr all=off uptime,level,tags foldmultilines=false

Release file:
JAVA_VERSION="21.0.10" 
MODULES="java.base java.compiler java.datatransfer java.xml java.prefs java.desktop java.instrument java.logging java.management java.security.sasl java.naming java.rmi java.management.rmi java.net.http java.scripting java.security.jgss java.transaction.xa java.sql java.sql.rowset java.xml.crypto java.se java.smartcardio jdk.accessibility jdk.internal.jvmstat jdk.attach jdk.charsets jdk.internal.opt jdk.zipfs jdk.compiler jdk.crypto.ec jdk.crypto.cryptoki jdk.crypto.mscapi jdk.dynalink jdk.internal.ed jdk.editpad jdk.hotspot.agent jdk.httpserver jdk.internal.le jdk.internal.vm.ci jdk.internal.vm.compiler jdk.internal.vm.compiler.management jdk.jartool jdk.javadoc jdk.jcmd jdk.management jdk.management.agent jdk.jconsole jdk.jdeps jdk.jdwp.agent jdk.jdi jdk.jfr jdk.jshell jdk.jsobject jdk.jstatd jdk.localedata jdk.management.jfr jdk.naming.dns jdk.naming.rmi jdk.net jdk.nio.mapmode jdk.random jdk.sctp jdk.security.auth jdk.security.jgss jdk.unsupported jdk.unsupported.desktop jdk.xml.dom" 

Environment Variables:
PATH=C:\Users\cosmas.murundo\AppData\Local\Programs\Microsoft VS Code;C:\Program Files\Common Files\Oracle\Java\javapath;C:\Python312\Scripts\;C:\Python312\;C:\WINDOWS\system32;C:\WINDOWS;C:\WINDOWS\System32\Wbem;C:\WINDOWS\System32\WindowsPowerShell\v1.0\;C:\WINDOWS\System32\OpenSSH\;C:\Program Files\dotnet\;C:\Program Files\nodejs\;C:\ProgramData\chocolatey\bin;C:\Users\cosmas.murundo\AppData\Local\Microsoft\WindowsApps;C:\Users\cosmas.murundo\AppData\Local\Programs\Microsoft VS Code\bin;C:\Users\cosmas.murundo\AppData\Local\Programs\Git\cmd;C:\Users\cosmas.murundo\AppData\Roaming\npm;
USERNAME=cosmas.murundo
OS=Windows_NT
PROCESSOR_IDENTIFIER=Intel64 Family 6 Model 186 Stepping 3, GenuineIntel
TMP=C:\Users\COSMAS~1.MUR\AppData\Local\Temp
TEMP=C:\Users\COSMAS~1.MUR\AppData\Local\Temp




Periodic native trim disabled

---------------  S Y S T E M  ---------------

OS:
 Windows 11 , 64 bit Build 26100 (10.0.26100.8246)
OS uptime: 9 days 19:06 hours

CPU: total 12 (initial active 12) (12 cores per cpu, 1 threads per core) family 6 model 186 stepping 3 microcode 0x6134, cx8, cmov, fxsr, mmx, 3dnowpref, sse, sse2, sse3, ssse3, sse4.1, sse4.2, popcnt, lzcnt, tsc, tscinvbit, avx, avx2, aes, erms, clmul, bmi1, bmi2, adx, sha, fma, vzeroupper, clflush, clflushopt, clwb, serialize, rdtscp, rdpid, fsrm, f16c, pku, cet_ibt, cet_ss
Processor Information for processor 0
  Max Mhz: 1700, Current Mhz: 1700, Mhz Limit: 1700
Processor Information for processor 1
  Max Mhz: 1700, Current Mhz: 1700, Mhz Limit: 1700
Processor Information for processor 2
  Max Mhz: 1700, Current Mhz: 1457, Mhz Limit: 1700
Processor Information for processor 3
  Max Mhz: 1700, Current Mhz: 1457, Mhz Limit: 1700
Processor Information for processor 4
  Max Mhz: 1700, Current Mhz: 141, Mhz Limit: 1700
Processor Information for processor 5
  Max Mhz: 1700, Current Mhz: 141, Mhz Limit: 1700
Processor Information for processor 6
  Max Mhz: 1700, Current Mhz: 141, Mhz Limit: 1700
Processor Information for processor 7
  Max Mhz: 1700, Current Mhz: 141, Mhz Limit: 1700
Processor Information for processor 8
  Max Mhz: 1700, Current Mhz: 1558, Mhz Limit: 1700
Processor Information for processor 9
  Max Mhz: 1700, Current Mhz: 1558, Mhz Limit: 1700
Processor Information for processor 10
  Max Mhz: 1700, Current Mhz: 1558, Mhz Limit: 1700
Processor Information for processor 11
  Max Mhz: 1700, Current Mhz: 1558, Mhz Limit: 1700

Memory: 4k page, system-wide physical 15811M (1161M free)
TotalPageFile size 64963M (AvailPageFile size 83M)
current process WorkingSet (physical memory assigned to process): 7M, peak: 202M
current process commit charge ("private bytes"): 317M, peak: 326M

vm_info: OpenJDK 64-Bit Server VM (21.0.10+7-LTS) for windows-amd64 JRE (21.0.10+7-LTS), built on 2026-01-20T00:00:00Z by "admin" with MS VC++ 17.12 (VS2022)

END.
